Types.hpp:99:5:touchgfx::colortype::colortype()	16	static
Types.hpp:173:5:touchgfx::Rect::Rect()	16	static
TypedText.hpp:214:17:static void touchgfx::TypedText::registerTexts(const touchgfx::Texts*)	16	static
FontManager.hpp:56:13:touchgfx::FontProvider::~FontProvider()	16	static
FontManager.hpp:56:13:virtual touchgfx::FontProvider::~FontProvider()	16	static
MVPHeap.hpp:52:5:touchgfx::MVPHeap::MVPHeap(touchgfx::AbstractPartition&, touchgfx::AbstractPartition&, touchgfx::AbstractPartition&, touchgfx::MVPApplication&)	24	static
MVPHeap.hpp:69:13:touchgfx::MVPHeap::~MVPHeap()	16	static
MVPHeap.hpp:69:13:virtual touchgfx::MVPHeap::~MVPHeap()	16	static
LCD.hpp:55:13:touchgfx::LCD::~LCD()	16	static
LCD.hpp:55:13:virtual touchgfx::LCD::~LCD()	16	static
UIEventListener.hpp:52:18:virtual void touchgfx::UIEventListener::handleClickEvent(const touchgfx::ClickEvent&)	16	static
UIEventListener.hpp:65:18:virtual void touchgfx::UIEventListener::handleDragEvent(const touchgfx::DragEvent&)	16	static
UIEventListener.hpp:78:18:virtual void touchgfx::UIEventListener::handleGestureEvent(const touchgfx::GestureEvent&)	16	static
UIEventListener.hpp:92:18:virtual void touchgfx::UIEventListener::handleKeyEvent(uint8_t)	16	static
UIEventListener.hpp:104:18:virtual void touchgfx::UIEventListener::handleTickEvent()	16	static
UIEventListener.hpp:115:18:virtual void touchgfx::UIEventListener::handlePendingScreenTransition()	16	static
UIEventListener.hpp:126:13:touchgfx::UIEventListener::~UIEventListener()	16	static
UIEventListener.hpp:126:13:virtual touchgfx::UIEventListener::~UIEventListener()	16	static
Gestures.hpp:48:9:touchgfx::Gestures::DragState::DragState()	16	static
Gestures.hpp:78:5:touchgfx::Gestures::Gestures()	16	static
DMA.hpp:81:13:touchgfx::DMA_Queue::~DMA_Queue()	16	static
DMA.hpp:81:13:virtual touchgfx::DMA_Queue::~DMA_Queue()	16	static
DMA.hpp:258:18:virtual void touchgfx::DMA_Interface::initialize()	16	static
DMA.hpp:358:21:virtual touchgfx::DMAType touchgfx::DMA_Interface::getDMAType()	16	static
DMA.hpp:370:13:touchgfx::DMA_Interface::~DMA_Interface()	16	static
DMA.hpp:370:13:virtual touchgfx::DMA_Interface::~DMA_Interface()	16	static
DMA.hpp:385:5:touchgfx::DMA_Interface::DMA_Interface(touchgfx::DMA_Queue&)	16	static
FrameBufferAllocator.hpp:123:13:touchgfx::FrameBufferAllocator::~FrameBufferAllocator()	16	static
FrameBufferAllocator.hpp:123:13:virtual touchgfx::FrameBufferAllocator::~FrameBufferAllocator()	16	static
Application.hpp:96:18:virtual void touchgfx::Application::appSwitchScreen(uint8_t)	16	static
Callback.hpp:235:13:touchgfx::GenericCallback<void>::~GenericCallback()	16	static
Callback.hpp:235:13:virtual touchgfx::GenericCallback<void>::~GenericCallback()	16	static
TouchController.hpp:40:13:touchgfx::TouchController::~TouchController()	16	static
TouchController.hpp:40:13:virtual touchgfx::TouchController::~TouchController()	16	static
ButtonController.hpp:40:13:touchgfx::ButtonController::~ButtonController()	16	static
ButtonController.hpp:40:13:virtual touchgfx::ButtonController::~ButtonController()	16	static
ButtonController.hpp:75:18:virtual void touchgfx::ButtonController::reset()	16	static
HAL.hpp:60:5:touchgfx::HAL::HAL(touchgfx::DMA_Interface&, touchgfx::LCD&, touchgfx::TouchController&, uint16_t, uint16_t)	24	static
HAL.hpp:103:13:touchgfx::HAL::~HAL()	16	static
HAL.hpp:103:13:virtual touchgfx::HAL::~HAL()	16	static
HAL.hpp:859:10:void touchgfx::HAL::setTouchSampleRate(int8_t)	16	static
HAL.hpp:959:10:void touchgfx::HAL::setButtonController(touchgfx::ButtonController*)	16	static
HAL.hpp:988:10:void touchgfx::HAL::setFrameBufferAllocator(touchgfx::FrameBufferAllocator*)	16	static
HAL.hpp:1024:10:void touchgfx::HAL::setFingerSize(uint8_t)	16	static
HAL.hpp:1102:10:bool touchgfx::HAL::setFrameRefreshStrategy(touchgfx::HAL::FrameRefreshStrategy)	16	static
Application.hpp:44:7:touchgfx::Application::~Application()	16	static
Application.hpp:44:7:virtual touchgfx::Application::~Application()	16	static
MVPApplication.hpp:70:13:touchgfx::MVPApplication::~MVPApplication()	16	static
MVPApplication.hpp:70:13:virtual touchgfx::MVPApplication::~MVPApplication()	16	static
MVPApplication.hpp:79:18:virtual void touchgfx::MVPApplication::handlePendingScreenTransition()	16	static
MVPApplication.hpp:97:10:void touchgfx::MVPApplication::evaluatePendingScreenTransition()	16	static
FrontendApplicationBase.hpp:16:13:FrontendApplicationBase::~FrontendApplicationBase()	16	static
FrontendApplicationBase.hpp:16:13:virtual FrontendApplicationBase::~FrontendApplicationBase()	16	static
FrontendApplication.hpp:14:13:FrontendApplication::~FrontendApplication()	16	static
FrontendApplication.hpp:14:13:virtual FrontendApplication::~FrontendApplication()	16	static
FrontendApplication.hpp:16:18:virtual void FrontendApplication::handleTickEvent()	16	static
FrontendHeapBase.hpp:147:18:virtual void FrontendHeapBase::gotoStartScreen(FrontendApplication&)	16	static
FrontendHeapBase.hpp:152:5:FrontendHeapBase::FrontendHeapBase(touchgfx::AbstractPartition&, touchgfx::AbstractPartition&, touchgfx::AbstractPartition&, FrontendApplication&)	32	static
FrontendHeap.hpp:56:29:void __tcf_0()	8	static
FrontendHeap.hpp:54:26:static FrontendHeap& FrontendHeap::getInstance()	8	static
FrontendHeapBase.hpp:80:7:FrontendHeapBase::~FrontendHeapBase()	16	static
FrontendHeapBase.hpp:80:7:virtual FrontendHeapBase::~FrontendHeapBase()	16	static
FrontendHeap.hpp:67:5:FrontendHeap::FrontendHeap()	32	static
LCD16bpp.hpp:50:13:touchgfx::LCD16bpp::~LCD16bpp()	16	static
LCD16bpp.hpp:50:13:virtual touchgfx::LCD16bpp::~LCD16bpp()	16	static
TouchController.hpp:30:7:constexpr touchgfx::TouchController::TouchController()	16	static
STM32TouchController.hpp:37:5:STM32TouchController::STM32TouchController()	16	static
BlitOp.hpp:52:8:touchgfx::BlitOp::BlitOp()	16	static
NoDMA.hpp:45:5:touchgfx::NoDMA::NoDMA()	16	static
NoDMA.hpp:47:13:touchgfx::NoDMA::~NoDMA()	16	static
NoDMA.hpp:47:13:virtual touchgfx::NoDMA::~NoDMA()	16	static
NoDMA.hpp:58:28:virtual touchgfx::BlitOperations touchgfx::NoDMA::getBlitCaps()	16	static
NoDMA.hpp:72:18:virtual void touchgfx::NoDMA::setupDataCopy(const touchgfx::BlitOp&)	16	static
NoDMA.hpp:86:18:virtual void touchgfx::NoDMA::setupDataFill(const touchgfx::BlitOp&)	16	static
NoDMA.hpp:98:18:virtual void touchgfx::NoDMA::signalDMAInterrupt()	16	static
NoDMA.hpp:110:18:virtual void touchgfx::NoDMA::flush()	16	static
TouchGFXHAL.hpp:47:5:TouchGFXHAL::TouchGFXHAL(touchgfx::DMA_Interface&, touchgfx::LCD&, touchgfx::TouchController&, uint16_t, uint16_t)	32	static
ButtonController.cpp:15:18:virtual void MC7_Buttons::init()	16	static
ButtonController.cpp:16:18:virtual bool MC7_Buttons::sample(uint8_t&)	16	static
TouchGFXConfiguration.cpp:48:6:void touchgfx_init()	32	static
TouchGFXConfiguration.cpp:73:6:void touchgfx_taskEntry()	8	static
Partition.hpp:70:5:touchgfx::Partition<ListOfTypes, NUMBER_OF_ELEMENTS>::Partition() [with ListOfTypes = touchgfx::meta::TypeList<WEATHERPresenter, touchgfx::meta::TypeList<touchgfx::meta::Nil, touchgfx::meta::Nil> >; short unsigned int NUMBER_OF_ELEMENTS = 1]	16	static
Partition.hpp:79:13:touchgfx::Partition<ListOfTypes, NUMBER_OF_ELEMENTS>::~Partition() [with ListOfTypes = touchgfx::meta::TypeList<WEATHERPresenter, touchgfx::meta::TypeList<touchgfx::meta::Nil, touchgfx::meta::Nil> >; short unsigned int NUMBER_OF_ELEMENTS = 1]	16	static
Partition.hpp:79:13:touchgfx::Partition<ListOfTypes, NUMBER_OF_ELEMENTS>::~Partition() [with ListOfTypes = touchgfx::meta::TypeList<WEATHERPresenter, touchgfx::meta::TypeList<touchgfx::meta::Nil, touchgfx::meta::Nil> >; short unsigned int NUMBER_OF_ELEMENTS = 1]	16	static
Partition.hpp:70:5:touchgfx::Partition<ListOfTypes, NUMBER_OF_ELEMENTS>::Partition() [with ListOfTypes = touchgfx::meta::TypeList<MP3View, touchgfx::meta::TypeList<touchgfx::meta::Nil, touchgfx::meta::Nil> >; short unsigned int NUMBER_OF_ELEMENTS = 1]	16	static
Partition.hpp:79:13:touchgfx::Partition<ListOfTypes, NUMBER_OF_ELEMENTS>::~Partition() [with ListOfTypes = touchgfx::meta::TypeList<MP3View, touchgfx::meta::TypeList<touchgfx::meta::Nil, touchgfx::meta::Nil> >; short unsigned int NUMBER_OF_ELEMENTS = 1]	16	static
Partition.hpp:79:13:touchgfx::Partition<ListOfTypes, NUMBER_OF_ELEMENTS>::~Partition() [with ListOfTypes = touchgfx::meta::TypeList<MP3View, touchgfx::meta::TypeList<touchgfx::meta::Nil, touchgfx::meta::Nil> >; short unsigned int NUMBER_OF_ELEMENTS = 1]	16	static
Partition.hpp:70:5:touchgfx::Partition<ListOfTypes, NUMBER_OF_ELEMENTS>::Partition() [with ListOfTypes = touchgfx::meta::TypeList<touchgfx::SlideTransition<(touchgfx::Direction)2>, touchgfx::meta::TypeList<touchgfx::meta::Nil, touchgfx::meta::Nil> >; short unsigned int NUMBER_OF_ELEMENTS = 1]	16	static
Partition.hpp:79:13:touchgfx::Partition<ListOfTypes, NUMBER_OF_ELEMENTS>::~Partition() [with ListOfTypes = touchgfx::meta::TypeList<touchgfx::SlideTransition<(touchgfx::Direction)2>, touchgfx::meta::TypeList<touchgfx::meta::Nil, touchgfx::meta::Nil> >; short unsigned int NUMBER_OF_ELEMENTS = 1]	16	static
Partition.hpp:79:13:touchgfx::Partition<ListOfTypes, NUMBER_OF_ELEMENTS>::~Partition() [with ListOfTypes = touchgfx::meta::TypeList<touchgfx::SlideTransition<(touchgfx::Direction)2>, touchgfx::meta::TypeList<touchgfx::meta::Nil, touchgfx::meta::Nil> >; short unsigned int NUMBER_OF_ELEMENTS = 1]	16	static
FrameBufferAllocator.hpp:55:7:constexpr touchgfx::FrameBufferAllocator::FrameBufferAllocator()	16	static
FrameBufferAllocator.hpp:277:5:touchgfx::ManyBlockAllocator<block_size, blocks, bytes_pr_pixel>::ManyBlockAllocator() [with long unsigned int block_size = 24000; long int blocks = 4; long unsigned int bytes_pr_pixel = 2]	32	static
FrameBufferAllocator.hpp:274:7:touchgfx::ManyBlockAllocator<24000, 4, 2>::~ManyBlockAllocator()	16	static
FrameBufferAllocator.hpp:274:7:virtual touchgfx::ManyBlockAllocator<24000, 4, 2>::~ManyBlockAllocator()	16	static
ButtonController.cpp:13:7:MC7_Buttons::~MC7_Buttons()	16	static
ButtonController.cpp:13:7:virtual MC7_Buttons::~MC7_Buttons()	16	static
FrontendHeap.hpp:6:7:FrontendHeap::~FrontendHeap()	16	static
FrontendHeap.hpp:6:7:virtual FrontendHeap::~FrontendHeap()	16	static
TouchGFXHAL.hpp:31:7:TouchGFXHAL::~TouchGFXHAL()	16	static
TouchGFXHAL.hpp:31:7:virtual TouchGFXHAL::~TouchGFXHAL()	16	static
STM32TouchController.hpp:33:7:STM32TouchController::~STM32TouchController()	16	static
STM32TouchController.hpp:33:7:virtual STM32TouchController::~STM32TouchController()	16	static
TouchGFXConfiguration.cpp:76:1:void __static_initialization_and_destruction_0(int, int)	24	static
Callback.hpp:557:8:touchgfx::Callback<FrontendApplicationBase>::~Callback()	16	static
Callback.hpp:557:8:virtual touchgfx::Callback<FrontendApplicationBase>::~Callback()	16	static
DMA.hpp:128:7:touchgfx::LockFreeDMA_Queue::~LockFreeDMA_Queue()	16	static
DMA.hpp:128:7:virtual touchgfx::LockFreeDMA_Queue::~LockFreeDMA_Queue()	16	static
ApplicationFontProvider.hpp:26:7:ApplicationFontProvider::~ApplicationFontProvider()	16	static
ApplicationFontProvider.hpp:26:7:virtual ApplicationFontProvider::~ApplicationFontProvider()	16	static
FrameBufferAllocator.hpp:306:22:uint16_t touchgfx::ManyBlockAllocator<block_size, blocks, bytes_pr_pixel>::allocateBlock(uint16_t, uint16_t, uint16_t, uint16_t, uint8_t**) [with long unsigned int block_size = 24000; long int blocks = 4; long unsigned int bytes_pr_pixel = 2]	32	static
FrameBufferAllocator.hpp:338:18:void touchgfx::ManyBlockAllocator<block_size, blocks, bytes_pr_pixel>::markBlockReadyForTransfer() [with long unsigned int block_size = 24000; long int blocks = 4; long unsigned int bytes_pr_pixel = 2]	16	static
FrameBufferAllocator.hpp:355:18:bool touchgfx::ManyBlockAllocator<block_size, blocks, bytes_pr_pixel>::hasBlockReadyForTransfer() [with long unsigned int block_size = 24000; long int blocks = 4; long unsigned int bytes_pr_pixel = 2]	24	static
FrameBufferAllocator.hpp:377:28:const uint8_t* touchgfx::ManyBlockAllocator<block_size, blocks, bytes_pr_pixel>::getBlockForTransfer(touchgfx::Rect&) [with long unsigned int block_size = 24000; long int blocks = 4; long unsigned int bytes_pr_pixel = 2]	16	static
FrameBufferAllocator.hpp:399:18:void touchgfx::ManyBlockAllocator<block_size, blocks, bytes_pr_pixel>::freeBlockAfterTransfer() [with long unsigned int block_size = 24000; long int blocks = 4; long unsigned int bytes_pr_pixel = 2]	16	static
Partition.hpp:94:22:uint16_t touchgfx::Partition<ListOfTypes, NUMBER_OF_ELEMENTS>::capacity() const [with ListOfTypes = touchgfx::meta::TypeList<touchgfx::SlideTransition<(touchgfx::Direction)2>, touchgfx::meta::TypeList<touchgfx::meta::Nil, touchgfx::meta::Nil> >; short unsigned int NUMBER_OF_ELEMENTS = 1]	16	static
Partition.hpp:110:22:uint32_t touchgfx::Partition<ListOfTypes, NUMBER_OF_ELEMENTS>::element_size() [with ListOfTypes = touchgfx::meta::TypeList<touchgfx::SlideTransition<(touchgfx::Direction)2>, touchgfx::meta::TypeList<touchgfx::meta::Nil, touchgfx::meta::Nil> >; short unsigned int NUMBER_OF_ELEMENTS = 1]	16	static
Partition.hpp:128:19:void* touchgfx::Partition<ListOfTypes, NUMBER_OF_ELEMENTS>::element(uint16_t) [with ListOfTypes = touchgfx::meta::TypeList<touchgfx::SlideTransition<(touchgfx::Direction)2>, touchgfx::meta::TypeList<touchgfx::meta::Nil, touchgfx::meta::Nil> >; short unsigned int NUMBER_OF_ELEMENTS = 1]	16	static
Partition.hpp:144:25:const void* touchgfx::Partition<ListOfTypes, NUMBER_OF_ELEMENTS>::element(uint16_t) const [with ListOfTypes = touchgfx::meta::TypeList<touchgfx::SlideTransition<(touchgfx::Direction)2>, touchgfx::meta::TypeList<touchgfx::meta::Nil, touchgfx::meta::Nil> >; short unsigned int NUMBER_OF_ELEMENTS = 1]	16	static
Partition.hpp:94:22:uint16_t touchgfx::Partition<ListOfTypes, NUMBER_OF_ELEMENTS>::capacity() const [with ListOfTypes = touchgfx::meta::TypeList<MP3View, touchgfx::meta::TypeList<touchgfx::meta::Nil, touchgfx::meta::Nil> >; short unsigned int NUMBER_OF_ELEMENTS = 1]	16	static
Partition.hpp:110:22:uint32_t touchgfx::Partition<ListOfTypes, NUMBER_OF_ELEMENTS>::element_size() [with ListOfTypes = touchgfx::meta::TypeList<MP3View, touchgfx::meta::TypeList<touchgfx::meta::Nil, touchgfx::meta::Nil> >; short unsigned int NUMBER_OF_ELEMENTS = 1]	16	static
Partition.hpp:128:19:void* touchgfx::Partition<ListOfTypes, NUMBER_OF_ELEMENTS>::element(uint16_t) [with ListOfTypes = touchgfx::meta::TypeList<MP3View, touchgfx::meta::TypeList<touchgfx::meta::Nil, touchgfx::meta::Nil> >; short unsigned int NUMBER_OF_ELEMENTS = 1]	16	static
Partition.hpp:144:25:const void* touchgfx::Partition<ListOfTypes, NUMBER_OF_ELEMENTS>::element(uint16_t) const [with ListOfTypes = touchgfx::meta::TypeList<MP3View, touchgfx::meta::TypeList<touchgfx::meta::Nil, touchgfx::meta::Nil> >; short unsigned int NUMBER_OF_ELEMENTS = 1]	16	static
Partition.hpp:94:22:uint16_t touchgfx::Partition<ListOfTypes, NUMBER_OF_ELEMENTS>::capacity() const [with ListOfTypes = touchgfx::meta::TypeList<WEATHERPresenter, touchgfx::meta::TypeList<touchgfx::meta::Nil, touchgfx::meta::Nil> >; short unsigned int NUMBER_OF_ELEMENTS = 1]	16	static
Partition.hpp:110:22:uint32_t touchgfx::Partition<ListOfTypes, NUMBER_OF_ELEMENTS>::element_size() [with ListOfTypes = touchgfx::meta::TypeList<WEATHERPresenter, touchgfx::meta::TypeList<touchgfx::meta::Nil, touchgfx::meta::Nil> >; short unsigned int NUMBER_OF_ELEMENTS = 1]	16	static
Partition.hpp:128:19:void* touchgfx::Partition<ListOfTypes, NUMBER_OF_ELEMENTS>::element(uint16_t) [with ListOfTypes = touchgfx::meta::TypeList<WEATHERPresenter, touchgfx::meta::TypeList<touchgfx::meta::Nil, touchgfx::meta::Nil> >; short unsigned int NUMBER_OF_ELEMENTS = 1]	16	static
Partition.hpp:144:25:const void* touchgfx::Partition<ListOfTypes, NUMBER_OF_ELEMENTS>::element(uint16_t) const [with ListOfTypes = touchgfx::meta::TypeList<WEATHERPresenter, touchgfx::meta::TypeList<touchgfx::meta::Nil, touchgfx::meta::Nil> >; short unsigned int NUMBER_OF_ELEMENTS = 1]	16	static
Callback.hpp:595:18:void touchgfx::Callback<dest_type, void, void, void>::execute() [with dest_type = FrontendApplicationBase]	16	static
Callback.hpp:609:18:bool touchgfx::Callback<dest_type, void, void, void>::isValid() const [with dest_type = FrontendApplicationBase]	16	static
TouchGFXConfiguration.cpp:76:1:cpp)	8	static
TouchGFXConfiguration.cpp:76:1:cpp)	8	static
