Types.hpp:173:5:touchgfx::Rect::Rect()	16	static
HAL.hpp:103:13:touchgfx::HAL::~HAL()	16	static
HAL.hpp:103:13:virtual touchgfx::HAL::~HAL()	16	static
HAL.hpp:116:17:static touchgfx::HAL* touchgfx::HAL::getInstance()	4	static
HAL.hpp:134:18:virtual void touchgfx::HAL::setDisplayOrientation(touchgfx::DisplayOrientation)	16	static
HAL.hpp:297:17:static touchgfx::LCD& touchgfx::HAL::lcd()	4	static
HAL.hpp:362:28:virtual touchgfx::BlitOperations touchgfx::HAL::getBlitCaps()	16	static
HAL.hpp:661:10:void touchgfx::HAL::vSync()	16	static
HAL.hpp:674:18:virtual void touchgfx::HAL::backPorchExited()	16	static
HAL.hpp:730:18:virtual bool touchgfx::HAL::sampleKey(uint8_t&)	16	static
HAL.hpp:776:18:virtual void touchgfx::HAL::setFrameBufferStartAddress(void*, uint16_t, bool, bool)	56	static
HAL.hpp:821:18:virtual void touchgfx::HAL::setFrameBufferStartAddresses(void*, void*, void*)	24	static
HAL.hpp:1002:27:touchgfx::FrameBufferAllocator* touchgfx::HAL::getFrameBufferAllocator()	16	static
HAL.hpp:1175:18:virtual void touchgfx::HAL::taskDelay(uint16_t)	16	static
HAL.hpp:1204:22:virtual uint16_t touchgfx::HAL::getTFTCurrentLine()	16	static
HAL.hpp:1219:21:virtual touchgfx::DMAType touchgfx::HAL::getDMAType()	16	static
HAL.hpp:1364:18:virtual void touchgfx::HAL::performDisplayOrientationChange()	16	static
TouchGFXHAL.hpp:99:18:virtual void TouchGFXHAL::flushFrameBuffer()	16	static
TouchGFXHAL.cpp:29:6:void TouchGFXHAL::initialize()	16	static
TouchGFXHAL.cpp:35:11:virtual uint16_t* TouchGFXHAL::getTFTFrameBuffer() const	16	static
TouchGFXHAL.cpp:40:6:virtual void TouchGFXHAL::setTFTFrameBuffer(uint16_t*)	16	static
TouchGFXHAL.cpp:45:6:virtual void TouchGFXHAL::flushFrameBuffer(const touchgfx::Rect&)	40	static
TouchGFXHAL.cpp:57:6:virtual void TouchGFXHAL::configureInterrupts()	16	static
TouchGFXHAL.cpp:61:6:virtual void TouchGFXHAL::enableInterrupts()	16	static
TouchGFXHAL.cpp:65:6:virtual void TouchGFXHAL::disableInterrupts()	16	static
TouchGFXHAL.cpp:70:6:virtual void TouchGFXHAL::enableLCDControllerInterrupt()	16	static
TouchGFXHAL.cpp:74:6:virtual void TouchGFXHAL::endFrame()	16	static
TouchGFXHAL.cpp:81:6:virtual bool TouchGFXHAL::blockCopy(void*, const void*, uint32_t)	24	static
TouchGFXHAL.cpp:99:7:void touchgfx::FrameBufferAllocatorWaitOnTransfer()	4	static
TouchGFXHAL.cpp:104:7:void touchgfx::FrameBufferAllocatorSignalBlockDrawn()	4	static
TouchGFXHAL.cpp:110:7:void touchgfx::startNewTransfer()	32	static
TouchGFXHAL.cpp:125:6:void touchgfx_signalTransmitComplete()	8	static
TouchGFXHAL.cpp:130:6:void touchgfx_signalVSync()	8	static
TouchGFXHAL.hpp:31:7:TouchGFXHAL::~TouchGFXHAL()	16	static
TouchGFXHAL.hpp:31:7:virtual TouchGFXHAL::~TouchGFXHAL()	16	static
