Types.hpp:147:5:touchgfx::colortype::operator uint16_t() const	16	static
Types.hpp:193:5:touchgfx::Rect::Rect(int16_t, int16_t, int16_t, int16_t)	24	static
Drawable.hpp:75:13:touchgfx::Drawable::~Drawable()	16	static
Drawable.hpp:75:13:virtual touchgfx::Drawable::~Drawable()	16	static
Drawable.hpp:248:18:virtual void touchgfx::Drawable::setPosition(int16_t, int16_t, int16_t, int16_t)	24	static
Drawable.hpp:322:18:virtual void touchgfx::Drawable::setX(int16_t)	16	static
Drawable.hpp:338:18:virtual void touchgfx::Drawable::setY(int16_t)	16	static
Drawable.hpp:355:18:virtual void touchgfx::Drawable::setXY(int16_t, int16_t)	16	static
Drawable.hpp:372:18:virtual void touchgfx::Drawable::setWidth(int16_t)	16	static
Drawable.hpp:388:18:virtual void touchgfx::Drawable::setHeight(int16_t)	16	static
Drawable.hpp:403:18:virtual void touchgfx::Drawable::childGeometryChanged()	16	static
Drawable.hpp:415:18:virtual void touchgfx::Drawable::handleClickEvent(const touchgfx::ClickEvent&)	16	static
Drawable.hpp:427:18:virtual void touchgfx::Drawable::handleGestureEvent(const touchgfx::GestureEvent&)	16	static
Drawable.hpp:439:18:virtual void touchgfx::Drawable::handleDragEvent(const touchgfx::DragEvent&)	16	static
Drawable.hpp:452:18:virtual void touchgfx::Drawable::handleTickEvent()	16	static
Drawable.hpp:499:10:bool touchgfx::Drawable::isVisible() const	16	static
Drawable.hpp:515:10:bool touchgfx::Drawable::isTouchable() const	16	static
Drawable.hpp:563:18:virtual void touchgfx::Drawable::moveTo(int16_t, int16_t)	16	static
Drawable.hpp:601:10:void touchgfx::Drawable::resetDrawChainCache()	16	static
Drawable.hpp:687:18:virtual void touchgfx::Drawable::setupDrawChain(const touchgfx::Rect&, touchgfx::Drawable**)	24	static
HAL.hpp:116:17:static touchgfx::HAL* touchgfx::HAL::getInstance()	4	static
HAL.hpp:297:17:static touchgfx::LCD& touchgfx::HAL::lcd()	4	static
Container.hpp:63:13:touchgfx::Container::~Container()	16	static
Container.hpp:63:13:virtual touchgfx::Container::~Container()	16	static
Screen.hpp:66:13:touchgfx::Screen::~Screen()	16	static
Screen.hpp:66:13:virtual touchgfx::Screen::~Screen()	16	static
Screen.hpp:127:18:virtual void touchgfx::Screen::setupScreen()	16	static
Screen.hpp:140:18:virtual void touchgfx::Screen::afterTransition()	16	static
Screen.hpp:153:18:virtual void touchgfx::Screen::tearDownScreen()	16	static
Screen.hpp:198:18:virtual void touchgfx::Screen::handleTickEvent()	16	static
Screen.hpp:213:18:virtual void touchgfx::Screen::handleKeyEvent(uint8_t)	16	static
Screen.hpp:280:10:void touchgfx::Screen::add(touchgfx::Drawable&)	16	static
Widget.hpp:53:13:touchgfx::Widget::~Widget()	16	static
Widget.hpp:53:13:virtual touchgfx::Widget::~Widget()	16	static
Widget.hpp:74:18:virtual void touchgfx::Widget::getLastChild(int16_t, int16_t, touchgfx::Drawable**)	24	static
Box.hpp:76:13:touchgfx::Box::~Box()	16	static
Box.hpp:76:13:virtual touchgfx::Box::~Box()	16	static
AbstractButton.hpp:80:10:void touchgfx::AbstractButton::setAction(touchgfx::GenericCallback<const touchgfx::AbstractButton&>&)	16	static
AbstractButton.hpp:35:7:touchgfx::AbstractButton::~AbstractButton()	16	static
AbstractButton.hpp:35:7:virtual touchgfx::AbstractButton::~AbstractButton()	16	static
Button.hpp:53:13:touchgfx::Button::~Button()	16	static
Button.hpp:53:13:virtual touchgfx::Button::~Button()	16	static
TypedText.hpp:79:14:touchgfx::TypedText::TypedText(touchgfx::TypedTextId)	16	static
TypedText.hpp:135:17:const touchgfx::Font* touchgfx::TypedText::getFont() const	16	static
TypedText.hpp:220:10:void touchgfx::TypedText::assertValid() const	16	static
TextArea.hpp:70:18:virtual touchgfx::Rect touchgfx::TextArea::getSolidRect() const	24	static
TextArea.hpp:143:18:virtual void touchgfx::TextArea::setBaselineY(int16_t)	40	static
TextArea.hpp:162:18:virtual void touchgfx::TextArea::setXBaselineY(int16_t, int16_t)	16	static
TextArea.hpp:297:15:touchgfx::TypedText touchgfx::TextArea::getTypedText() const	16	static
TextArea.hpp:46:7:touchgfx::TextArea::~TextArea()	16	static
TextArea.hpp:46:7:virtual touchgfx::TextArea::~TextArea()	16	static
TextAreaWithWildcard.hpp:35:7:touchgfx::TextAreaWithWildcardBase::~TextAreaWithWildcardBase()	16	static
TextAreaWithWildcard.hpp:35:7:virtual touchgfx::TextAreaWithWildcardBase::~TextAreaWithWildcardBase()	16	static
RadioButton.hpp:56:13:touchgfx::RadioButton::~RadioButton()	16	static
RadioButton.hpp:56:13:virtual touchgfx::RadioButton::~RadioButton()	16	static
RadioButton.hpp:115:10:void touchgfx::RadioButton::setDeselectedAction(touchgfx::GenericCallback<const touchgfx::AbstractButton&>&)	16	static
RadioButton.hpp:169:10:void touchgfx::RadioButton::setDeselectionEnabled(bool)	16	static
RadioButton.hpp:183:10:bool touchgfx::RadioButton::getDeselectionEnabled() const	16	static
RadioButton.hpp:208:10:bool touchgfx::RadioButton::getSelected() const	16	static
View.hpp:39:7:touchgfx::View<ACCELPresenter>::~View()	16	static
View.hpp:39:7:virtual touchgfx::View<ACCELPresenter>::~View()	16	static
ACCELViewBase.hpp:24:13:ACCELViewBase::~ACCELViewBase()	16	static
ACCELViewBase.hpp:24:13:virtual ACCELViewBase::~ACCELViewBase()	16	static
CWRUtil.hpp:83:18:touchgfx::CWRUtil::Q5::Q5(int)	16	static
CWRUtil.hpp:107:9:touchgfx::CWRUtil::Q5::operator int() const	16	static
Color.hpp:54:22:static touchgfx::colortype touchgfx::Color::getColorFrom24BitRGB(uint8_t, uint8_t, uint8_t)	24	static
Graph.hpp:67:10:bool Graph::addValue(int, int)	24	static
Graph.hpp:93:10:void Graph::clear()	16	static
ACCELView.hpp:12:13:ACCELView::~ACCELView()	16	static
ACCELView.hpp:12:13:virtual ACCELView::~ACCELView()	16	static
ACCELView.cpp:19:1:ACCELView::ACCELView()	16	static
ACCELView.cpp:24:6:virtual void ACCELView::setupScreen()	48	static
ACCELView.cpp:53:6:virtual void ACCELView::tearDownScreen()	16	static
ACCELView.cpp:59:6:virtual void ACCELView::handleTickEvent()	24	static
ACCELView.cpp:105:6:virtual void ACCELView::setHPfiltar()	32	static
ACCELView.cpp:112:6:virtual void ACCELView::resetHPfiltar()	32	static
ACCELView.cpp:118:6:virtual void ACCELView::setAccelMode()	16	static
ACCELView.cpp:122:6:virtual void ACCELView::setMagMode()	16	static
ACCELView.cpp:126:6:virtual void ACCELView::setRange()	16	static
Callback.hpp:469:8:touchgfx::Callback<touchgfx::RadioButtonGroup<1>, const touchgfx::AbstractButton&, void, void>::~Callback()	16	static
Callback.hpp:469:8:virtual touchgfx::Callback<touchgfx::RadioButtonGroup<1>, const touchgfx::AbstractButton&, void, void>::~Callback()	16	static
RadioButtonGroup.hpp:68:13:touchgfx::RadioButtonGroup<CAPACITY>::~RadioButtonGroup() [with short unsigned int CAPACITY = 1]	16	static
RadioButtonGroup.hpp:68:13:touchgfx::RadioButtonGroup<CAPACITY>::~RadioButtonGroup() [with short unsigned int CAPACITY = 1]	16	static
Callback.hpp:469:8:touchgfx::Callback<touchgfx::RadioButtonGroup<3>, const touchgfx::AbstractButton&, void, void>::~Callback()	16	static
Callback.hpp:469:8:virtual touchgfx::Callback<touchgfx::RadioButtonGroup<3>, const touchgfx::AbstractButton&, void, void>::~Callback()	16	static
RadioButtonGroup.hpp:68:13:touchgfx::RadioButtonGroup<CAPACITY>::~RadioButtonGroup() [with short unsigned int CAPACITY = 3]	16	static
RadioButtonGroup.hpp:68:13:touchgfx::RadioButtonGroup<CAPACITY>::~RadioButtonGroup() [with short unsigned int CAPACITY = 3]	16	static
Graph.hpp:126:10:void Graph::setLineWidth(T) [with T = int]	16	static
Callback.hpp:177:13:touchgfx::GenericCallback<T1, void, void>::~GenericCallback() [with T1 = const touchgfx::AbstractButton&]	16	static
Callback.hpp:177:13:touchgfx::GenericCallback<T1, void, void>::~GenericCallback() [with T1 = const touchgfx::AbstractButton&]	16	static
AbstractGraph.hpp:276:10:void AbstractGraph::setLineWidth(T) [with T = int]	40	static
Image.hpp:36:7:touchgfx::Image::~Image()	16	static
Image.hpp:36:7:virtual touchgfx::Image::~Image()	16	static
ButtonWithIcon.hpp:32:7:touchgfx::ButtonWithIcon::~ButtonWithIcon()	16	static
ButtonWithIcon.hpp:32:7:virtual touchgfx::ButtonWithIcon::~ButtonWithIcon()	16	static
TextAreaWithWildcard.hpp:63:7:touchgfx::TextAreaWithOneWildcard::~TextAreaWithOneWildcard()	16	static
TextAreaWithWildcard.hpp:63:7:virtual touchgfx::TextAreaWithOneWildcard::~TextAreaWithOneWildcard()	16	static
Callback.hpp:469:8:touchgfx::Callback<ACCELViewBase, const touchgfx::AbstractButton&>::~Callback()	16	static
Callback.hpp:469:8:virtual touchgfx::Callback<ACCELViewBase, const touchgfx::AbstractButton&>::~Callback()	16	static
RadioButtonGroup.hpp:82:18:void touchgfx::RadioButtonGroup<CAPACITY>::add(touchgfx::RadioButton&) [with short unsigned int CAPACITY = 3]	16	static
RadioButtonGroup.hpp:101:26:touchgfx::RadioButton* touchgfx::RadioButtonGroup<CAPACITY>::getRadioButton(uint16_t) const [with short unsigned int CAPACITY = 3]	16	static
RadioButtonGroup.hpp:115:21:int32_t touchgfx::RadioButtonGroup<CAPACITY>::getSelectedRadioButtonIndex() const [with short unsigned int CAPACITY = 3]	24	static
RadioButtonGroup.hpp:136:26:touchgfx::RadioButton* touchgfx::RadioButtonGroup<CAPACITY>::getSelectedRadioButton() const [with short unsigned int CAPACITY = 3]	24	static
RadioButtonGroup.hpp:153:18:void touchgfx::RadioButtonGroup<CAPACITY>::setSelected(touchgfx::RadioButton&) [with short unsigned int CAPACITY = 3]	16	static
RadioButtonGroup.hpp:170:18:void touchgfx::RadioButtonGroup<CAPACITY>::setDeselectionEnabled(bool) [with short unsigned int CAPACITY = 3]	24	static
RadioButtonGroup.hpp:187:18:bool touchgfx::RadioButtonGroup<CAPACITY>::getDeselectionEnabled() const [with short unsigned int CAPACITY = 3]	16	static
RadioButtonGroup.hpp:248:18:void touchgfx::RadioButtonGroup<CAPACITY>::radioButtonClickedHandler(const touchgfx::AbstractButton&) [with short unsigned int CAPACITY = 3]	24	static
RadioButtonGroup.hpp:277:18:void touchgfx::RadioButtonGroup<CAPACITY>::radioButtonDeselectedHandler(const touchgfx::AbstractButton&) [with short unsigned int CAPACITY = 3]	16	static
Callback.hpp:511:18:void touchgfx::Callback<dest_type, T1, void, void>::execute(T1) [with dest_type = touchgfx::RadioButtonGroup<3>; T1 = const touchgfx::AbstractButton&]	16	static
Callback.hpp:525:18:bool touchgfx::Callback<dest_type, T1, void, void>::isValid() const [with dest_type = touchgfx::RadioButtonGroup<3>; T1 = const touchgfx::AbstractButton&]	16	static
RadioButtonGroup.hpp:82:18:void touchgfx::RadioButtonGroup<CAPACITY>::add(touchgfx::RadioButton&) [with short unsigned int CAPACITY = 1]	16	static
RadioButtonGroup.hpp:101:26:touchgfx::RadioButton* touchgfx::RadioButtonGroup<CAPACITY>::getRadioButton(uint16_t) const [with short unsigned int CAPACITY = 1]	16	static
RadioButtonGroup.hpp:115:21:int32_t touchgfx::RadioButtonGroup<CAPACITY>::getSelectedRadioButtonIndex() const [with short unsigned int CAPACITY = 1]	24	static
RadioButtonGroup.hpp:136:26:touchgfx::RadioButton* touchgfx::RadioButtonGroup<CAPACITY>::getSelectedRadioButton() const [with short unsigned int CAPACITY = 1]	24	static
RadioButtonGroup.hpp:153:18:void touchgfx::RadioButtonGroup<CAPACITY>::setSelected(touchgfx::RadioButton&) [with short unsigned int CAPACITY = 1]	16	static
RadioButtonGroup.hpp:170:18:void touchgfx::RadioButtonGroup<CAPACITY>::setDeselectionEnabled(bool) [with short unsigned int CAPACITY = 1]	24	static
RadioButtonGroup.hpp:187:18:bool touchgfx::RadioButtonGroup<CAPACITY>::getDeselectionEnabled() const [with short unsigned int CAPACITY = 1]	16	static
RadioButtonGroup.hpp:248:18:void touchgfx::RadioButtonGroup<CAPACITY>::radioButtonClickedHandler(const touchgfx::AbstractButton&) [with short unsigned int CAPACITY = 1]	24	static
RadioButtonGroup.hpp:277:18:void touchgfx::RadioButtonGroup<CAPACITY>::radioButtonDeselectedHandler(const touchgfx::AbstractButton&) [with short unsigned int CAPACITY = 1]	16	static
Callback.hpp:511:18:void touchgfx::Callback<dest_type, T1, void, void>::execute(T1) [with dest_type = touchgfx::RadioButtonGroup<1>; T1 = const touchgfx::AbstractButton&]	16	static
Callback.hpp:525:18:bool touchgfx::Callback<dest_type, T1, void, void>::isValid() const [with dest_type = touchgfx::RadioButtonGroup<1>; T1 = const touchgfx::AbstractButton&]	16	static
Callback.hpp:511:18:void touchgfx::Callback<dest_type, T1, void, void>::execute(T1) [with dest_type = ACCELViewBase; T1 = const touchgfx::AbstractButton&]	16	static
Callback.hpp:525:18:bool touchgfx::Callback<dest_type, T1, void, void>::isValid() const [with dest_type = ACCELViewBase; T1 = const touchgfx::AbstractButton&]	16	static
