CC3100.c:81:6:CC3100_Init	16	static
CC3100.c:94:6:CC3100_Disable	4	static
CC3100.c:100:6:CC3100_Enable	4	static
CC3100.c:106:6:CC3100_InterruptEnable	4	static
CC3100.c:112:6:CC3100_InterruptDisable	4	static
CC3100.c:118:6:CC3100_EnableEXTILine	16	static
CC3100.c:132:5:CC3100_RegisterInterruptHandler	16	static
CC3100.c:139:17:CC3100_GetInterruptHandler	4	static
CC3100.c:145:6:CC3100_ResetInterruptHandler	8	static
CC3100.c:151:6:CC3100_StartTimer	8	static
CC3100.c:158:15:CC3100_GetCurrentTimestamp	16	static
CC3100.c:173:6:CC3100_SpiOpen	16	static
CC3100.c:193:5:CC3100_SpiClose	16	static
CC3100.c:206:5:CC3100_SpiWrite	24	static
CC3100.c:216:5:CC3100_SpiRead	24	static
CC3100.c:227:6:CLI_Configure	4	static
CC3100.c:233:6:CLI_Write	32	static
CC3100.c:264:5:CLI_Read	16	static
stdio.h:214:5:fputc	16	static
CC3100.c:280:6:Delay	16	static
