wifi_weather_demo.c:100:5:WIFI_Exec	16	static
wifi_weather_demo.c:191:7:getData	24	static
wifi_weather_demo.c:226:6:CLI_DisplayData	16	static
wifi_weather_demo.c:334:6:extractData	32	static
wifi_weather_demo.c:388:6:createConnection	32	static
wifi_weather_demo.c:424:6:getHostIP	16	static
wifi_weather_demo.c:438:6:getWeather	24	static
wifi_weather_demo.c:481:6:configureSimpleLinkToDefaultState	88	static
wifi_weather_demo.c:590:6:establishConnectionWithAP	32	static
wifi_weather_demo.c:609:6:disconnectFromAP	16	static
wifi_weather_demo.c:628:6:initializeAppVariables	8	static
wifi_weather_demo.c:637:6:CLI_displayBanner	8	static
