core_cm7.h:2229:22:SCB_EnableICache	4	static,ignoring_inline_asm
core_cm7.h:2281:22:SCB_EnableDCache	24	static,ignoring_inline_asm
main.c:113:5:main	176	static
main.c:214:6:SystemClock_Config	232	static
main.c:283:13:MX_ADC1_Init	24	static
main.c:333:13:MX_ADC3_Init	24	static
main.c:383:13:MX_CRC_Init	8	static
main.c:414:13:MX_I2C3_Init	8	static
main.c:463:13:MX_RTC_Init	40	static
main.c:525:13:MX_SPI2_Init	8	static
main.c:565:13:MX_SPI3_Init	8	static
main.c:605:13:MX_TIM1_Init	40	static
main.c:652:13:MX_TIM2_Init	40	static
main.c:697:13:MX_TIM4_Init	40	static
main.c:742:13:MX_TIM5_Init	72	static
main.c:809:13:MX_GPIO_Init	64	static
main.c:959:6:HAL_TIM_IC_CaptureCallback	16	static
main.c:971:6:HAL_TIM_PeriodElapsedCallback	16	static
main.c:985:6:HAL_GPIO_EXTI_Callback	16	static
main.c:1009:6:Error_Handler	4	static
