driver.c:384:5:_SlDrvProtectAsyncRespSetting	24	static
driver.c:497:16:_SlDrvDriverCBInit	24	static
driver.c:556:16:_SlDrvDriverCBDeinit	24	static
driver.c:603:16:_SlDrvRxIrqHandler	24	static
driver.c:625:16:_SlDrvCmdOp	40	static
driver.c:681:16:_SlDrvDataReadOp	48	static
driver.c:791:16:_SlDrvDataWriteOp	32	static
driver.c:867:23:_SlDrvMsgWrite	40	static
driver.c:941:23:_SlDrvMsgRead	56	static
driver.c:1231:13:_SlAsyncEventGenericHandler	40	static
driver.c:1295:23:_SlDrvMsgReadCmdCtx	32	static
driver.c:1396:16:_SlDrvMsgReadSpawnCtx	32	static
driver.c:1527:23:_SlDrvClassifyRxMsg	24	static
driver.c:1588:23:_SlDrvRxHdrRead	56	static
driver.c:1726:6:_SlDrvBasicCmd	32	static
driver.c:1749:16:_SlDrvCmdSend	56	static
driver.c:1787:5:_SlDrvWaitForPoolObj	24	static
driver.c:1859:6:_SlDrvReleasePoolObj	24	static
driver.c:1916:13:_SlRemoveFromList	24	static
driver.c:1956:23:_SlFindAndSetActiveObj	24	static
driver.c:2005:6:_SlDrvDispatchHttpServerEvents	16	static
driver.c:2015:16:_SlDrvSyncObjSignal	24	static
driver.c:2021:16:_SlDrvObjLockWaitForever	24	static
driver.c:2027:16:_SlDrvProtectionObjLockWaitForever	16	static
driver.c:2034:16:_SlDrvObjUnLock	24	static
driver.c:2041:16:_SlDrvProtectionObjUnLock	16	static
driver.c:2047:23:_SlDrvObjGlobalLockWaitForever	8	static
driver.c:2057:16:_SlDrvGlobalObjUnLock	16	static
driver.c:2065:6:_SlDrvMemZero	16	static
driver.c:2071:6:_SlDrvResetCmdExt	16	static
driver.c:2085:17:_SlDrvSyncObjWaitForever	16	static
driver.c:2106:17:_SlDrvSyncObjWaitTimeout	32	static
driver.c:2124:6:_SlDriverHandleError	40	static
driver.c:2186:6:_SlDrvStartMeasureTimeout	16	static
driver.c:2192:5:_SlDrvIsTimeoutExpired	24	static
