wlan.c:73:6:sl_WlanConnect	208	static
wlan.c:217:6:sl_WlanDisconnect	8	static
wlan.c:245:6:sl_WlanPolicySet	40	static
wlan.c:288:6:sl_WlanPolicyGet	48	static
wlan.c:359:6:sl_WlanProfileAdd	216	static
wlan.c:543:6:sl_WlanProfileGet	208	static
wlan.c:606:6:sl_WlanProfileDel	24	static
wlan.c:642:6:sl_WlanGetNetworkList	40	static
wlan.c:715:6:sl_WlanRxFilterAdd	112	static
wlan.c:758:6:sl_WlanRxFilterSet	40	static
wlan.c:797:6:sl_WlanRxFilterGet	40	static
wlan.c:836:6:sl_WlanRxStatStart	8	static
wlan.c:847:6:sl_WlanRxStatStop	8	static
wlan.c:858:6:sl_WlanRxStatGet	24	static
wlan.c:882:6:sl_WlanSmartConfigStop	8	static
wlan.c:919:6:sl_WlanSmartConfigStart	80	static
wlan.c:976:6:sl_WlanSetMode	24	static
wlan.c:1014:6:sl_WlanSet	56	static
wlan.c:1056:6:sl_WlanGet	56	static
