Font.hpp:193:13:touchgfx::Font::~Font()	16	static
Font.hpp:193:13:virtual touchgfx::Font::~Font()	16	static
ConstFont.hpp:37:7:touchgfx::ConstFont::~ConstFont()	16	static
ConstFont.hpp:37:7:virtual touchgfx::ConstFont::~ConstFont()	16	static
GeneratedFont.hpp:22:7:touchgfx::GeneratedFont::~GeneratedFont()	16	static
GeneratedFont.hpp:22:7:virtual touchgfx::GeneratedFont::~GeneratedFont()	16	static
Table_7seg_40_2bpp.cpp:41:147:void __tcf_0()	8	static
Table_7seg_40_2bpp.cpp:39:26:touchgfx::GeneratedFont& getFont_7seg_40_2bpp()	48	static
