Types.hpp:193:5:touchgfx::Rect::Rect(int16_t, int16_t, int16_t, int16_t)	24	static
ClickEvent.hpp:155:20:touchgfx::ClickEvent::ClickEventType touchgfx::ClickEvent::getType() const	16	static
Drawable.hpp:75:13:touchgfx::Drawable::~Drawable()	16	static
Drawable.hpp:75:13:virtual touchgfx::Drawable::~Drawable()	16	static
Drawable.hpp:248:18:virtual void touchgfx::Drawable::setPosition(int16_t, int16_t, int16_t, int16_t)	24	static
Drawable.hpp:322:18:virtual void touchgfx::Drawable::setX(int16_t)	16	static
Drawable.hpp:338:18:virtual void touchgfx::Drawable::setY(int16_t)	16	static
Drawable.hpp:355:18:virtual void touchgfx::Drawable::setXY(int16_t, int16_t)	16	static
Drawable.hpp:372:18:virtual void touchgfx::Drawable::setWidth(int16_t)	16	static
Drawable.hpp:388:18:virtual void touchgfx::Drawable::setHeight(int16_t)	16	static
Drawable.hpp:403:18:virtual void touchgfx::Drawable::childGeometryChanged()	16	static
Drawable.hpp:415:18:virtual void touchgfx::Drawable::handleClickEvent(const touchgfx::ClickEvent&)	16	static
Drawable.hpp:427:18:virtual void touchgfx::Drawable::handleGestureEvent(const touchgfx::GestureEvent&)	16	static
Drawable.hpp:439:18:virtual void touchgfx::Drawable::handleDragEvent(const touchgfx::DragEvent&)	16	static
Drawable.hpp:452:18:virtual void touchgfx::Drawable::handleTickEvent()	16	static
Drawable.hpp:499:10:bool touchgfx::Drawable::isVisible() const	16	static
Drawable.hpp:515:10:bool touchgfx::Drawable::isTouchable() const	16	static
Drawable.hpp:563:18:virtual void touchgfx::Drawable::moveTo(int16_t, int16_t)	16	static
Drawable.hpp:601:10:void touchgfx::Drawable::resetDrawChainCache()	16	static
Drawable.hpp:687:18:virtual void touchgfx::Drawable::setupDrawChain(const touchgfx::Rect&, touchgfx::Drawable**)	24	static
Container.hpp:63:13:touchgfx::Container::~Container()	16	static
Container.hpp:63:13:virtual touchgfx::Container::~Container()	16	static
Widget.hpp:53:13:touchgfx::Widget::~Widget()	16	static
Widget.hpp:53:13:virtual touchgfx::Widget::~Widget()	16	static
Widget.hpp:74:18:virtual void touchgfx::Widget::getLastChild(int16_t, int16_t, touchgfx::Drawable**)	24	static
TypedText.hpp:135:17:const touchgfx::Font* touchgfx::TypedText::getFont() const	16	static
TypedText.hpp:220:10:void touchgfx::TypedText::assertValid() const	16	static
TextArea.hpp:70:18:virtual touchgfx::Rect touchgfx::TextArea::getSolidRect() const	24	static
TextArea.hpp:143:18:virtual void touchgfx::TextArea::setBaselineY(int16_t)	40	static
TextArea.hpp:162:18:virtual void touchgfx::TextArea::setXBaselineY(int16_t, int16_t)	16	static
TextArea.hpp:297:15:touchgfx::TypedText touchgfx::TextArea::getTypedText() const	16	static
TextArea.hpp:46:7:touchgfx::TextArea::~TextArea()	16	static
TextArea.hpp:46:7:virtual touchgfx::TextArea::~TextArea()	16	static
TextAreaWithWildcard.hpp:35:7:touchgfx::TextAreaWithWildcardBase::~TextAreaWithWildcardBase()	16	static
TextAreaWithWildcard.hpp:35:7:virtual touchgfx::TextAreaWithWildcardBase::~TextAreaWithWildcardBase()	16	static
AbstractButtonContainer.hpp:53:13:touchgfx::AbstractButtonContainer::~AbstractButtonContainer()	16	static
AbstractButtonContainer.hpp:53:13:virtual touchgfx::AbstractButtonContainer::~AbstractButtonContainer()	16	static
AbstractButtonContainer.hpp:62:10:void touchgfx::AbstractButtonContainer::setPressed(bool)	16	static
AbstractButtonContainer.hpp:75:10:bool touchgfx::AbstractButtonContainer::getPressed()	16	static
AbstractButtonContainer.hpp:100:13:uint8_t touchgfx::AbstractButtonContainer::getAlpha() const	16	static
AbstractButtonContainer.hpp:127:18:virtual void touchgfx::AbstractButtonContainer::handlePressedUpdated()	16	static
AbstractButtonContainer.hpp:134:18:virtual void touchgfx::AbstractButtonContainer::handleAlphaUpdated()	16	static
ClickButtonTrigger.hpp:51:13:touchgfx::ClickButtonTrigger::~ClickButtonTrigger()	16	static
ClickButtonTrigger.hpp:51:13:virtual touchgfx::ClickButtonTrigger::~ClickButtonTrigger()	16	static
ClickButtonTrigger.hpp:64:18:virtual void touchgfx::ClickButtonTrigger::handleClickEvent(const touchgfx::ClickEvent&)	24	static
BoxWithBorder.hpp:65:13:touchgfx::BoxWithBorder::~BoxWithBorder()	16	static
BoxWithBorder.hpp:65:13:virtual touchgfx::BoxWithBorder::~BoxWithBorder()	16	static
BoxWithBorder.hpp:83:10:void touchgfx::BoxWithBorder::setColor(touchgfx::colortype)	16	static
BoxWithBorder.hpp:107:10:void touchgfx::BoxWithBorder::setBorderColor(touchgfx::colortype)	16	static
BoxWithBorder.hpp:155:10:void touchgfx::BoxWithBorder::setAlpha(uint8_t)	16	static
Image.hpp:36:7:touchgfx::Image::~Image()	16	static
Image.hpp:36:7:virtual touchgfx::Image::~Image()	16	static
playlistItemBase.hpp:17:13:playlistItemBase::~playlistItemBase()	16	static
playlistItemBase.hpp:17:13:virtual playlistItemBase::~playlistItemBase()	16	static
playlistItem.hpp:10:13:playlistItem::~playlistItem()	16	static
playlistItem.hpp:10:13:virtual playlistItem::~playlistItem()	16	static
playlistItem.cpp:3:1:playlistItem::playlistItem()	16	static
playlistItem.cpp:8:6:virtual void playlistItem::initialize()	16	static
playlistItem.cpp:12:6:virtual void playlistItem::setText(touchgfx::Unicode::UnicodeChar*, uint8_t)	24	static
playlistItem.cpp:19:9:virtual uint8_t playlistItem::getText(touchgfx::Unicode::UnicodeChar*)	16	static
playlistItem.cpp:24:6:virtual void playlistItem::setItem()	16	static
playlistItem.cpp:28:6:virtual void playlistItem::resetItem()	16	static
playlistItem.cpp:32:6:virtual void playlistItem::setAction(touchgfx::GenericCallback<playlistItem&>&)	16	static
playlistItem.cpp:36:6:virtual void playlistItem::itemSelected()	16	static
BoxWithBorderButtonStyle.hpp:63:13:touchgfx::BoxWithBorderButtonStyle<T>::~BoxWithBorderButtonStyle() [with T = touchgfx::ClickButtonTrigger]	16	static
BoxWithBorderButtonStyle.hpp:63:13:touchgfx::BoxWithBorderButtonStyle<T>::~BoxWithBorderButtonStyle() [with T = touchgfx::ClickButtonTrigger]	16	static
TextAreaWithWildcard.hpp:63:7:touchgfx::TextAreaWithOneWildcard::~TextAreaWithOneWildcard()	16	static
TextAreaWithWildcard.hpp:63:7:virtual touchgfx::TextAreaWithOneWildcard::~TextAreaWithOneWildcard()	16	static
Callback.hpp:469:8:touchgfx::Callback<playlistItemBase, const touchgfx::AbstractButtonContainer&>::~Callback()	16	static
Callback.hpp:469:8:virtual touchgfx::Callback<playlistItemBase, const touchgfx::AbstractButtonContainer&>::~Callback()	16	static
BoxWithBorderButtonStyle.hpp:153:18:void touchgfx::BoxWithBorderButtonStyle<T>::handlePressedUpdated() [with T = touchgfx::ClickButtonTrigger]	24	static
BoxWithBorderButtonStyle.hpp:165:18:void touchgfx::BoxWithBorderButtonStyle<T>::handleAlphaUpdated() [with T = touchgfx::ClickButtonTrigger]	24	static
Callback.hpp:177:13:touchgfx::GenericCallback<T1, void, void>::~GenericCallback() [with T1 = const touchgfx::AbstractButtonContainer&]	16	static
Callback.hpp:177:13:touchgfx::GenericCallback<T1, void, void>::~GenericCallback() [with T1 = const touchgfx::AbstractButtonContainer&]	16	static
Callback.hpp:511:18:void touchgfx::Callback<dest_type, T1, void, void>::execute(T1) [with dest_type = playlistItemBase; T1 = const touchgfx::AbstractButtonContainer&]	16	static
Callback.hpp:525:18:bool touchgfx::Callback<dest_type, T1, void, void>::isValid() const [with dest_type = playlistItemBase; T1 = const touchgfx::AbstractButtonContainer&]	16	static
