fatfs_sd.c:23:6:SD_init	8	static
fatfs_sd.c:28:13:SELECT	4	static
fatfs_sd.c:34:13:DESELECT	4	static
fatfs_sd.c:40:13:SPI_TxByte	16	static
fatfs_sd.c:46:13:SPI_TxBuffer	16	static
fatfs_sd.c:52:16:SPI_RxByte	24	static
fatfs_sd.c:63:13:SPI_RxBytePtr	16	static
fatfs_sd.c:73:16:SD_ReadyWait	16	static
fatfs_sd.c:89:13:SD_PowerOn	24	static
fatfs_sd.c:127:13:SD_PowerOff	4	static
fatfs_sd.c:133:16:SD_CheckPower	4	static
fatfs_sd.c:139:13:SD_RxDataBlock	24	static
fatfs_sd.c:168:13:SD_TxDataBlock	24	static
fatfs_sd.c:210:13:SD_SendCmd	24	static
fatfs_sd.c:249:9:SD_disk_initialize	32	static
fatfs_sd.c:349:9:SD_disk_status	16	static
fatfs_sd.c:356:9:SD_disk_read	24	static
fatfs_sd.c:398:9:SD_disk_write	24	static
fatfs_sd.c:453:9:SD_disk_ioctl	56	static
