nrf24.c:14:9:nRF24_LL_RW	32	static
nrf24.c:25:6:nRF24_LowerSpiSpeed	8	static
nrf24.c:31:6:nRF24_ReturnSpiSpeed	8	static
nrf24.c:53:16:nRF24_ReadReg	24	static
nrf24.c:68:13:nRF24_WriteReg	16	static
nrf24.c:92:13:nRF24_ReadMBReg	24	static
nrf24.c:104:13:nRF24_WriteMBReg	16	static
nrf24.c:114:6:nRF24_Init	16	static
nrf24.c:172:9:nRF24_Check	24	static
nrf24.c:206:6:nRF24_SetPowerMode	24	static
nrf24.c:225:6:nRF24_SetOperationalMode	24	static
nrf24.c:240:6:nRF24_SetCRCScheme	24	static
nrf24.c:255:6:nRF24_SetRFChannel	16	static
nrf24.c:265:6:nRF24_SetAutoRetr	16	static
nrf24.c:276:6:nRF24_SetAddrWidth	16	static
nrf24.c:291:6:nRF24_SetAddr	24	static
nrf24.c:332:6:nRF24_SetTXPower	24	static
nrf24.c:345:6:nRF24_SetDataRate	24	static
nrf24.c:360:6:nRF24_SetRXPipe	24	static
nrf24.c:383:6:nRF24_ClosePipe	24	static
nrf24.c:395:6:nRF24_EnableAA	24	static
nrf24.c:407:6:nRF24_DisableAA	24	static
nrf24.c:423:9:nRF24_GetAddrWidth	8	static
nrf24.c:429:9:nRF24_GetStatus	8	static
nrf24.c:435:9:nRF24_GetIRQFlags	8	static
nrf24.c:441:9:nRF24_GetStatus_RXFIFO	8	static
nrf24.c:448:9:nRF24_GetStatus_TXFIFO	8	static
nrf24.c:454:9:nRF24_GetRXSource	8	static
nrf24.c:462:9:nRF24_GetRetransmitCounters	8	static
nrf24.c:467:6:nRF24_ResetPLOS	16	static
nrf24.c:476:6:nRF24_FlushTX	8	static
nrf24.c:481:6:nRF24_FlushRX	8	static
nrf24.c:486:6:nRF24_ClearIRQFlags	16	static
nrf24.c:499:6:nRF24_WritePayload	16	static
nrf24.c:510:16:nRF24_ReadPayload	24	static
nrf24.c:535:16:nRF24_TransmitPacket	24	static
